// Vitest Snapshot v1, https://vitest.dev/guide/snapshot.html

exports[`dependency cruiser config missing file 1`] = `
{
  "canFix": false,
  "canForce": false,
  "data": {
    "canAutoMergeDeps": true,
    "hasMainBranch": false,
    "hasTaskPrefix": false,
    "isCli": false,
    "isModule": false,
    "isPublishedPackage": false,
    "isQuiet": false,
    "isUsingBiome": false,
    "isUsingBun": false,
    "isUsingC8": false,
    "isUsingDependencyCruiser": false,
    "isUsingEslint": false,
    "isUsingKnip": false,
    "isUsingNyc": false,
    "isUsingOxc": false,
    "isUsingPreact": false,
    "isUsingReact": false,
    "isUsingShuutils": false,
    "isUsingTailwind": false,
    "isUsingTypescript": false,
    "isUsingV8": false,
    "isUsingVitest": false,
    "isUsingVue": false,
    "isWebPublished": false,
    "license": "GPL-3.0",
    "maxSizeKo": 1,
    "packageName": "",
    "repoId": "a-great-repo",
    "shouldAvoidSass": true,
    "userId": "Shuunen",
    "userIdLowercase": "shuunen",
    "userMail": "romain.racamier@gmail.com",
    "userName": "Romain Racamier-Lafon",
    "webUrl": "https://my-website.com",
    "willGenerateReport": true,
  },
  "failed": [],
  "fileContent": "",
  "fileName": "",
  "originalFileContent": "",
  "passed": [],
  "warnings": [
    "use-32mhttps-knip-dev39m-or-34mhttps-www-npmjs-com-package-dependency-cruiser39m",
  ],
}
`;
